MPLINK 5.08, LINKER
Linker Map File - Created Fri Nov 27 00:19:48 2020

                                 Section Info
                  Section       Type    Address   Location Size(Bytes)
                ---------  ---------  ---------  ---------  ---------
                 RES_VECT       code   0x000000    program   0x000002
                   .cinit    romdata   0x000001    program   0x000004
                 ISR_VECT       code   0x000004    program   0x000066
                MAIN_PROG       code   0x000037    program   0x000088
.config_2007_BUILD/DEFAULT/DEBUG/MAIN.O       code   0x002007    program   0x000002
.config_2008_BUILD/DEFAULT/DEBUG/MAIN.O       code   0x002008    program   0x000002
                   PR_VAR      udata   0x000020       data   0x00000b



                              Program Memory Usage 
                               Start         End      
                           ---------   ---------      
                            0x000000    0x000002      
                            0x000004    0x00007a      
                            0x002007    0x002008      
            124 out of 8455 program addresses used, program memory utilization is 1%



                              Symbols - Sorted by Name
                     Name    Address   Location    Storage File                     
                ---------  ---------  ---------  --------- ---------                
                  ADC_INT   0x000018    program     static C:\Users\Daniel\Documents\GitHub\Proyecto3_ControlComputarizado\Proyecto_3.X\main.asm
                AJUSTE_CT   0x00006e    program     static C:\Users\Daniel\Documents\GitHub\Proyecto3_ControlComputarizado\Proyecto_3.X\main.asm
                DELAY_4US   0x000074    program     static C:\Users\Daniel\Documents\GitHub\Proyecto3_ControlComputarizado\Proyecto_3.X\main.asm
             INICIAR_CONV   0x000030    program     static C:\Users\Daniel\Documents\GitHub\Proyecto3_ControlComputarizado\Proyecto_3.X\main.asm
                      ISR   0x000007    program     static C:\Users\Daniel\Documents\GitHub\Proyecto3_ControlComputarizado\Proyecto_3.X\main.asm
                     LOAD   0x000032    program     static C:\Users\Daniel\Documents\GitHub\Proyecto3_ControlComputarizado\Proyecto_3.X\main.asm
                     LOOP   0x000061    program     static C:\Users\Daniel\Documents\GitHub\Proyecto3_ControlComputarizado\Proyecto_3.X\main.asm
                 NEGATIVO   0x000015    program     static C:\Users\Daniel\Documents\GitHub\Proyecto3_ControlComputarizado\Proyecto_3.X\main.asm
                 POSITIVO   0x00000f    program     static C:\Users\Daniel\Documents\GitHub\Proyecto3_ControlComputarizado\Proyecto_3.X\main.asm
                     SAVE   0x000004    program     static C:\Users\Daniel\Documents\GitHub\Proyecto3_ControlComputarizado\Proyecto_3.X\main.asm
               SERVO0_ADC   0x000021    program     static C:\Users\Daniel\Documents\GitHub\Proyecto3_ControlComputarizado\Proyecto_3.X\main.asm
               SERVO1_ADC   0x000026    program     static C:\Users\Daniel\Documents\GitHub\Proyecto3_ControlComputarizado\Proyecto_3.X\main.asm
               SERVO2_ADC   0x00002b    program     static C:\Users\Daniel\Documents\GitHub\Proyecto3_ControlComputarizado\Proyecto_3.X\main.asm
                    START   0x000037    program     static C:\Users\Daniel\Documents\GitHub\Proyecto3_ControlComputarizado\Proyecto_3.X\main.asm
                 TMR0_INT   0x000009    program     static C:\Users\Daniel\Documents\GitHub\Proyecto3_ControlComputarizado\Proyecto_3.X\main.asm
          _MAIN_PROG_0042   0x000079    program     static C:\Users\Daniel\Documents\GitHub\Proyecto3_ControlComputarizado\Proyecto_3.X\main.asm
                  ANTIREB   0x000020       data     static C:\Users\Daniel\Documents\GitHub\Proyecto3_ControlComputarizado\Proyecto_3.X\main.asm
                    CICLO   0x000024       data     static C:\Users\Daniel\Documents\GitHub\Proyecto3_ControlComputarizado\Proyecto_3.X\main.asm
                    CONT1   0x000021       data     static C:\Users\Daniel\Documents\GitHub\Proyecto3_ControlComputarizado\Proyecto_3.X\main.asm
                 CONT_ADC   0x000028       data     static C:\Users\Daniel\Documents\GitHub\Proyecto3_ControlComputarizado\Proyecto_3.X\main.asm
                      CT1   0x000022       data     static C:\Users\Daniel\Documents\GitHub\Proyecto3_ControlComputarizado\Proyecto_3.X\main.asm
                     ROTF   0x000023       data     static C:\Users\Daniel\Documents\GitHub\Proyecto3_ControlComputarizado\Proyecto_3.X\main.asm
                   SERVO0   0x000025       data     static C:\Users\Daniel\Documents\GitHub\Proyecto3_ControlComputarizado\Proyecto_3.X\main.asm
                   SERVO1   0x000026       data     static C:\Users\Daniel\Documents\GitHub\Proyecto3_ControlComputarizado\Proyecto_3.X\main.asm
                   SERVO2   0x000027       data     static C:\Users\Daniel\Documents\GitHub\Proyecto3_ControlComputarizado\Proyecto_3.X\main.asm
              TEMP_STATUS   0x000029       data     static C:\Users\Daniel\Documents\GitHub\Proyecto3_ControlComputarizado\Proyecto_3.X\main.asm
                   TEMP_W   0x00002a       data     static C:\Users\Daniel\Documents\GitHub\Proyecto3_ControlComputarizado\Proyecto_3.X\main.asm



                              Symbols - Sorted by Address
                     Name    Address   Location    Storage File                     
                ---------  ---------  ---------  --------- ---------                
                     SAVE   0x000004    program     static C:\Users\Daniel\Documents\GitHub\Proyecto3_ControlComputarizado\Proyecto_3.X\main.asm
                      ISR   0x000007    program     static C:\Users\Daniel\Documents\GitHub\Proyecto3_ControlComputarizado\Proyecto_3.X\main.asm
                 TMR0_INT   0x000009    program     static C:\Users\Daniel\Documents\GitHub\Proyecto3_ControlComputarizado\Proyecto_3.X\main.asm
                 POSITIVO   0x00000f    program     static C:\Users\Daniel\Documents\GitHub\Proyecto3_ControlComputarizado\Proyecto_3.X\main.asm
                 NEGATIVO   0x000015    program     static C:\Users\Daniel\Documents\GitHub\Proyecto3_ControlComputarizado\Proyecto_3.X\main.asm
                  ADC_INT   0x000018    program     static C:\Users\Daniel\Documents\GitHub\Proyecto3_ControlComputarizado\Proyecto_3.X\main.asm
               SERVO0_ADC   0x000021    program     static C:\Users\Daniel\Documents\GitHub\Proyecto3_ControlComputarizado\Proyecto_3.X\main.asm
               SERVO1_ADC   0x000026    program     static C:\Users\Daniel\Documents\GitHub\Proyecto3_ControlComputarizado\Proyecto_3.X\main.asm
               SERVO2_ADC   0x00002b    program     static C:\Users\Daniel\Documents\GitHub\Proyecto3_ControlComputarizado\Proyecto_3.X\main.asm
             INICIAR_CONV   0x000030    program     static C:\Users\Daniel\Documents\GitHub\Proyecto3_ControlComputarizado\Proyecto_3.X\main.asm
                     LOAD   0x000032    program     static C:\Users\Daniel\Documents\GitHub\Proyecto3_ControlComputarizado\Proyecto_3.X\main.asm
                    START   0x000037    program     static C:\Users\Daniel\Documents\GitHub\Proyecto3_ControlComputarizado\Proyecto_3.X\main.asm
                     LOOP   0x000061    program     static C:\Users\Daniel\Documents\GitHub\Proyecto3_ControlComputarizado\Proyecto_3.X\main.asm
                AJUSTE_CT   0x00006e    program     static C:\Users\Daniel\Documents\GitHub\Proyecto3_ControlComputarizado\Proyecto_3.X\main.asm
                DELAY_4US   0x000074    program     static C:\Users\Daniel\Documents\GitHub\Proyecto3_ControlComputarizado\Proyecto_3.X\main.asm
          _MAIN_PROG_0042   0x000079    program     static C:\Users\Daniel\Documents\GitHub\Proyecto3_ControlComputarizado\Proyecto_3.X\main.asm
                  ANTIREB   0x000020       data     static C:\Users\Daniel\Documents\GitHub\Proyecto3_ControlComputarizado\Proyecto_3.X\main.asm
                    CONT1   0x000021       data     static C:\Users\Daniel\Documents\GitHub\Proyecto3_ControlComputarizado\Proyecto_3.X\main.asm
                      CT1   0x000022       data     static C:\Users\Daniel\Documents\GitHub\Proyecto3_ControlComputarizado\Proyecto_3.X\main.asm
                     ROTF   0x000023       data     static C:\Users\Daniel\Documents\GitHub\Proyecto3_ControlComputarizado\Proyecto_3.X\main.asm
                    CICLO   0x000024       data     static C:\Users\Daniel\Documents\GitHub\Proyecto3_ControlComputarizado\Proyecto_3.X\main.asm
                   SERVO0   0x000025       data     static C:\Users\Daniel\Documents\GitHub\Proyecto3_ControlComputarizado\Proyecto_3.X\main.asm
                   SERVO1   0x000026       data     static C:\Users\Daniel\Documents\GitHub\Proyecto3_ControlComputarizado\Proyecto_3.X\main.asm
                   SERVO2   0x000027       data     static C:\Users\Daniel\Documents\GitHub\Proyecto3_ControlComputarizado\Proyecto_3.X\main.asm
                 CONT_ADC   0x000028       data     static C:\Users\Daniel\Documents\GitHub\Proyecto3_ControlComputarizado\Proyecto_3.X\main.asm
              TEMP_STATUS   0x000029       data     static C:\Users\Daniel\Documents\GitHub\Proyecto3_ControlComputarizado\Proyecto_3.X\main.asm
                   TEMP_W   0x00002a       data     static C:\Users\Daniel\Documents\GitHub\Proyecto3_ControlComputarizado\Proyecto_3.X\main.asm


