MPLINK 5.08, LINKER
Linker Map File - Created Fri Nov 27 04:21:29 2020

                                 Section Info
                  Section       Type    Address   Location Size(Bytes)
                ---------  ---------  ---------  ---------  ---------
                 RES_VECT       code   0x000000    program   0x000002
                   .cinit    romdata   0x000001    program   0x000004
                 INT_VECT       code   0x000004    program   0x00006c
                MAIN_PROG       code   0x00003a    program   0x000078
.config_2007_BUILD/DEFAULT/PRODUCTION/MAIN.O       code   0x002007    program   0x000002
.config_2008_BUILD/DEFAULT/PRODUCTION/MAIN.O       code   0x002008    program   0x000002
                     VARS      udata   0x000020       data   0x00000c



                              Program Memory Usage 
                               Start         End      
                           ---------   ---------      
                            0x000000    0x000002      
                            0x000004    0x000075      
                            0x002007    0x002008      
            119 out of 8455 program addresses used, program memory utilization is 1%



                              Symbols - Sorted by Name
                     Name    Address   Location    Storage File                     
                ---------  ---------  ---------  --------- ---------                
                  ADC_INT   0x00001a    program     static C:\Users\Daniel\Documents\GitHub\Proyecto3_ControlComputarizado\Proyecto_3.X\main.asm
                AJUSTE_DC   0x000070    program     static C:\Users\Daniel\Documents\GitHub\Proyecto3_ControlComputarizado\Proyecto_3.X\main.asm
             INICIAR_CONV   0x000031    program     static C:\Users\Daniel\Documents\GitHub\Proyecto3_ControlComputarizado\Proyecto_3.X\main.asm
                 LEC_ADC0   0x000023    program     static C:\Users\Daniel\Documents\GitHub\Proyecto3_ControlComputarizado\Proyecto_3.X\main.asm
                 LEC_ADC1   0x000028    program     static C:\Users\Daniel\Documents\GitHub\Proyecto3_ControlComputarizado\Proyecto_3.X\main.asm
                 LEC_ADC2   0x00002d    program     static C:\Users\Daniel\Documents\GitHub\Proyecto3_ControlComputarizado\Proyecto_3.X\main.asm
                     LOAD   0x000033    program     static C:\Users\Daniel\Documents\GitHub\Proyecto3_ControlComputarizado\Proyecto_3.X\main.asm
                     LOOP   0x000060    program     static C:\Users\Daniel\Documents\GitHub\Proyecto3_ControlComputarizado\Proyecto_3.X\main.asm
                     SAVE   0x000004    program     static C:\Users\Daniel\Documents\GitHub\Proyecto3_ControlComputarizado\Proyecto_3.X\main.asm
                    START   0x00003a    program     static C:\Users\Daniel\Documents\GitHub\Proyecto3_ControlComputarizado\Proyecto_3.X\main.asm
            TIEMPO_ACTIVO   0x000011    program     static C:\Users\Daniel\Documents\GitHub\Proyecto3_ControlComputarizado\Proyecto_3.X\main.asm
          TIEMPO_INACTIVO   0x000017    program     static C:\Users\Daniel\Documents\GitHub\Proyecto3_ControlComputarizado\Proyecto_3.X\main.asm
                 TMR0_INT   0x000009    program     static C:\Users\Daniel\Documents\GitHub\Proyecto3_ControlComputarizado\Proyecto_3.X\main.asm
                 ADC_CONT   0x000023       data     static C:\Users\Daniel\Documents\GitHub\Proyecto3_ControlComputarizado\Proyecto_3.X\main.asm
                    CICLO   0x000028       data     static C:\Users\Daniel\Documents\GitHub\Proyecto3_ControlComputarizado\Proyecto_3.X\main.asm
                    CONT1   0x000025       data     static C:\Users\Daniel\Documents\GitHub\Proyecto3_ControlComputarizado\Proyecto_3.X\main.asm
               DUTY_CYCLE   0x000027       data     static C:\Users\Daniel\Documents\GitHub\Proyecto3_ControlComputarizado\Proyecto_3.X\main.asm
                     MODO   0x000024       data     static C:\Users\Daniel\Documents\GitHub\Proyecto3_ControlComputarizado\Proyecto_3.X\main.asm
                     ROTF   0x000026       data     static C:\Users\Daniel\Documents\GitHub\Proyecto3_ControlComputarizado\Proyecto_3.X\main.asm
                   SERVO0   0x000020       data     static C:\Users\Daniel\Documents\GitHub\Proyecto3_ControlComputarizado\Proyecto_3.X\main.asm
                   SERVO1   0x000021       data     static C:\Users\Daniel\Documents\GitHub\Proyecto3_ControlComputarizado\Proyecto_3.X\main.asm
                   SERVO2   0x000022       data     static C:\Users\Daniel\Documents\GitHub\Proyecto3_ControlComputarizado\Proyecto_3.X\main.asm
                 TEMP_FSR   0x00002b       data     static C:\Users\Daniel\Documents\GitHub\Proyecto3_ControlComputarizado\Proyecto_3.X\main.asm
              TEMP_STATUS   0x00002a       data     static C:\Users\Daniel\Documents\GitHub\Proyecto3_ControlComputarizado\Proyecto_3.X\main.asm
                   TEMP_W   0x000029       data     static C:\Users\Daniel\Documents\GitHub\Proyecto3_ControlComputarizado\Proyecto_3.X\main.asm



                              Symbols - Sorted by Address
                     Name    Address   Location    Storage File                     
                ---------  ---------  ---------  --------- ---------                
                     SAVE   0x000004    program     static C:\Users\Daniel\Documents\GitHub\Proyecto3_ControlComputarizado\Proyecto_3.X\main.asm
                 TMR0_INT   0x000009    program     static C:\Users\Daniel\Documents\GitHub\Proyecto3_ControlComputarizado\Proyecto_3.X\main.asm
            TIEMPO_ACTIVO   0x000011    program     static C:\Users\Daniel\Documents\GitHub\Proyecto3_ControlComputarizado\Proyecto_3.X\main.asm
          TIEMPO_INACTIVO   0x000017    program     static C:\Users\Daniel\Documents\GitHub\Proyecto3_ControlComputarizado\Proyecto_3.X\main.asm
                  ADC_INT   0x00001a    program     static C:\Users\Daniel\Documents\GitHub\Proyecto3_ControlComputarizado\Proyecto_3.X\main.asm
                 LEC_ADC0   0x000023    program     static C:\Users\Daniel\Documents\GitHub\Proyecto3_ControlComputarizado\Proyecto_3.X\main.asm
                 LEC_ADC1   0x000028    program     static C:\Users\Daniel\Documents\GitHub\Proyecto3_ControlComputarizado\Proyecto_3.X\main.asm
                 LEC_ADC2   0x00002d    program     static C:\Users\Daniel\Documents\GitHub\Proyecto3_ControlComputarizado\Proyecto_3.X\main.asm
             INICIAR_CONV   0x000031    program     static C:\Users\Daniel\Documents\GitHub\Proyecto3_ControlComputarizado\Proyecto_3.X\main.asm
                     LOAD   0x000033    program     static C:\Users\Daniel\Documents\GitHub\Proyecto3_ControlComputarizado\Proyecto_3.X\main.asm
                    START   0x00003a    program     static C:\Users\Daniel\Documents\GitHub\Proyecto3_ControlComputarizado\Proyecto_3.X\main.asm
                     LOOP   0x000060    program     static C:\Users\Daniel\Documents\GitHub\Proyecto3_ControlComputarizado\Proyecto_3.X\main.asm
                AJUSTE_DC   0x000070    program     static C:\Users\Daniel\Documents\GitHub\Proyecto3_ControlComputarizado\Proyecto_3.X\main.asm
                   SERVO0   0x000020       data     static C:\Users\Daniel\Documents\GitHub\Proyecto3_ControlComputarizado\Proyecto_3.X\main.asm
                   SERVO1   0x000021       data     static C:\Users\Daniel\Documents\GitHub\Proyecto3_ControlComputarizado\Proyecto_3.X\main.asm
                   SERVO2   0x000022       data     static C:\Users\Daniel\Documents\GitHub\Proyecto3_ControlComputarizado\Proyecto_3.X\main.asm
                 ADC_CONT   0x000023       data     static C:\Users\Daniel\Documents\GitHub\Proyecto3_ControlComputarizado\Proyecto_3.X\main.asm
                     MODO   0x000024       data     static C:\Users\Daniel\Documents\GitHub\Proyecto3_ControlComputarizado\Proyecto_3.X\main.asm
                    CONT1   0x000025       data     static C:\Users\Daniel\Documents\GitHub\Proyecto3_ControlComputarizado\Proyecto_3.X\main.asm
                     ROTF   0x000026       data     static C:\Users\Daniel\Documents\GitHub\Proyecto3_ControlComputarizado\Proyecto_3.X\main.asm
               DUTY_CYCLE   0x000027       data     static C:\Users\Daniel\Documents\GitHub\Proyecto3_ControlComputarizado\Proyecto_3.X\main.asm
                    CICLO   0x000028       data     static C:\Users\Daniel\Documents\GitHub\Proyecto3_ControlComputarizado\Proyecto_3.X\main.asm
                   TEMP_W   0x000029       data     static C:\Users\Daniel\Documents\GitHub\Proyecto3_ControlComputarizado\Proyecto_3.X\main.asm
              TEMP_STATUS   0x00002a       data     static C:\Users\Daniel\Documents\GitHub\Proyecto3_ControlComputarizado\Proyecto_3.X\main.asm
                 TEMP_FSR   0x00002b       data     static C:\Users\Daniel\Documents\GitHub\Proyecto3_ControlComputarizado\Proyecto_3.X\main.asm


